Think@DESKTOP-MBJ6DL3 MINGW64 /d/Pelatihan Web Programmer/HTML - Latihan 1/webpagi
$ git config --global user.name "anggawinata"

Think@DESKTOP-MBJ6DL3 MINGW64 /d/Pelatihan Web Programmer/HTML - Latihan 1/webpagi
$ git config --global user.email angga.w1n@gmail.com

Think@DESKTOP-MBJ6DL3 MINGW64 /d/Pelatihan Web Programmer/HTML - Latihan 1/webpagi
$ git init
Initialized empty Git repository in D:/Pelatihan Web Programmer/HTML - Latihan 1/webpagi/.git/

Think@DESKTOP-MBJ6DL3 MINGW64 /d/Pelatihan Web Programmer/HTML - Latihan 1/webpagi (master)
$ git add README.md
fatal: pathspec 'README.md' did not match any files    (Buka file notepad di file yang akan di upload dengan disimpan nama README.md) lalu lakukan perintah dibawah

Think@DESKTOP-MBJ6DL3 MINGW64 /d/Pelatihan Web Programmer/HTML - Latihan 1/webpagi (master)
$ git add README.md

Think@DESKTOP-MBJ6DL3 MINGW64 /d/Pelatihan Web Programmer/HTML - Latihan 1/webpagi (master)
$ git commit -m "first commit"
[master (root-commit) bce5ffc] first commit
 1 file changed, 0 insertions(+), 0 deletions(-)
 create mode 100644 README.md

Think@DESKTOP-MBJ6DL3 MINGW64 /d/Pelatihan Web Programmer/HTML - Latihan 1/webpagi (master)
$ git commit -m "first commit"
On branch master
Untracked files:
        form.html
        heading.html
        iframe.html
        img/
        index.html
        link.html
        list.html
        span.html
        tabel.html
        text.html

nothing added to commit but untracked files present

Think@DESKTOP-MBJ6DL3 MINGW64 /d/Pelatihan Web Programmer/HTML - Latihan 1/webpagi (master)
$ git push -u origin master
fatal: 'origin' does not appear to be a git repository
fatal: Could not read from remote repository.

Please make sure you have the correct access rights
and the repository exists.

Think@DESKTOP-MBJ6DL3 MINGW64 /d/Pelatihan Web Programmer/HTML - Latihan 1/webpagi (master)
$ git remote add origin https://github.com/anggawinata/webpagiangga.git

Think@DESKTOP-MBJ6DL3 MINGW64 /d/Pelatihan Web Programmer/HTML - Latihan 1/webpagi (master)
$ git push -u origin master
Enumerating objects: 3, done.
Counting objects: 100% (3/3), done.
Writing objects: 100% (3/3), 210 bytes | 210.00 KiB/s, done.
Total 3 (delta 0), reused 0 (delta 0)
To https://github.com/anggawinata/webpagiangga.git
 * [new branch]      master -> master
Branch 'master' set up to track remote branch 'master' from 'origin'.

Think@DESKTOP-MBJ6DL3 MINGW64 /d/Pelatihan Web Programmer/HTML - Latihan 1/webpagi (master)
$ git stauts
git: 'stauts' is not a git command. See 'git --help'.

The most similar command is
        status

Think@DESKTOP-MBJ6DL3 MINGW64 /d/Pelatihan Web Programmer/HTML - Latihan 1/webpagi (master)
$ git status
On branch master
Your branch is up to date with 'origin/master'.

Untracked files:
  (use "git add <file>..." to include in what will be committed)
        form.html
        heading.html
        iframe.html
        img/
        index.html
        link.html
        list.html
        span.html
        tabel.html
        text.html

nothing added to commit but untracked files present (use "git add" to track)

Think@DESKTOP-MBJ6DL3 MINGW64 /d/Pelatihan Web Programmer/HTML - Latihan 1/webpagi (master)
$ git status
On branch master
Your branch is up to date with 'origin/master'.

Untracked files:
  (use "git add <file>..." to include in what will be committed)
        form.html
        heading.html
        iframe.html
        img/
        index.html
        link.html
        list.html
        span.html
        tabel.html
        text.html

nothing added to commit but untracked files present (use "git add" to track)

Think@DESKTOP-MBJ6DL3 MINGW64 /d/Pelatihan Web Programmer/HTML - Latihan 1/webpagi (master)
$
